
> trakerevo@1.0.1 test
> vitest --run


[1m[46m RUN [49m[22m [36mv4.0.18 [39m[90mD:/trash/trakerevo[39m

 [31mтЭп[39m src/test/animations.test.ts [2m([22m[2m4 tests[22m[2m | [22m[31m4 failed[39m[2m)[22m[32m 28[2mms[22m[39m
[31m       [31m├Ч[31m should have correct hidden state[39m[32m 18[2mms[22m[39m
[31m       [31m├Ч[31m should generate correct visible state with delay[39m[32m 1[2mms[22m[39m
[31m       [31m├Ч[31m should have correct initial state[39m[32m 3[2mms[22m[39m
[31m       [31m├Ч[31m should have correct enter state[39m[32m 2[2mms[22m[39m
 [32mтЬУ[39m src/test/sanity.test.ts [2m([22m[2m1 test[22m[2m)[22m[32m 5[2mms[22m[39m
[90mstdout[2m | src/test/images.test.ts[2m > [22m[2mgetProxiedImageUrl[2m > [22m[2mshould proxy TMDB images using wsrv.nl in development
[22m[39m[TEST] Original TMDB URL: https://image.tmdb.org/t/p/w500/path.jpg
[TEST] Proxied URL: https://wsrv.nl/?url=https%3A%2F%2Fimage.tmdb.org%2Ft%2Fp%2Fw500%2Fpath.jpg

 [32mтЬУ[39m src/test/images.test.ts [2m([22m[2m5 tests[22m[2m | [22m[33m1 skipped[39m[2m)[22m[32m 7[2mms[22m[39m
 [31mтЭп[39m src/utils/haptics.test.ts [2m([22m[2m5 tests[22m[2m | [22m[31m3 failed[39m[2m)[22m[32m 14[2mms[22m[39m
[31m     [31m├Ч[31m should use Telegram haptics when available[39m[32m 7[2mms[22m[39m
     [32mтЬУ[39m should fallback to navigator.vibrate when Telegram is not available[32m 2[2mms[22m[39m
[31m     [31m├Ч[31m should handle notifications correctly (Telegram)[39m[32m 1[2mms[22m[39m
     [32mтЬУ[39m should handle notifications fallback (Navigator)[32m 1[2mms[22m[39m
[31m     [31m├Ч[31m should handle selection change[39m[32m 1[2mms[22m[39m
 [31mтЭп[39m src/test/discover.test.ts [2m([22m[2m0 test[22m[2m)[22m
[90mstdout[2m | src/test/dbSync.test.ts[2m > [22m[2mmigrateGuestData[2m > [22m[2mshould clear database and sync in replace mode
[22m[39m[2026-02-24T15:48:11.125Z] [INFO] [dbSync] Fixed 0 items with missing types or dropped status

[90mstdout[2m | src/test/dbSync.test.ts[2m > [22m[2mmigrateGuestData[2m > [22m[2mshould clear database and sync in replace mode
[22m[39m[2026-02-24T15:48:11.126Z] [INFO] [dbSync] Starting Sync...

[90mstdout[2m | src/test/dbSync.test.ts[2m > [22m[2mmigrateGuestData[2m > [22m[2mshould clear database and sync in replace mode
[22m[39m[2026-02-24T15:48:11.128Z] [INFO] [dbSync] Sync Completed { lists: [33m0[39m, items: [33m0[39m, deletions: [33m0[39m }

[90mstdout[2m | src/test/dbSync.test.ts[2m > [22m[2mmigrateGuestData[2m > [22m[2mshould merge lists by name and deduplicate items by externalId
[22m[39m[2026-02-24T15:48:11.130Z] [INFO] [dbSync] Fixed 0 items with missing types or dropped status

[90mstdout[2m | src/test/dbSync.test.ts[2m > [22m[2mmigrateGuestData[2m > [22m[2mshould merge lists by name and deduplicate items by externalId
[22m[39m[2026-02-24T15:48:11.131Z] [INFO] [dbSync] Synced: 1, Skipped: 0

[90mstdout[2m | src/test/dbSync.test.ts[2m > [22m[2mmigrateGuestData[2m > [22m[2mshould merge lists by name and deduplicate items by externalId
[22m[39m[2026-02-24T15:48:11.131Z] [INFO] [dbSync] Starting Sync...

[90mstdout[2m | src/test/dbSync.test.ts[2m > [22m[2mmigrateGuestData[2m > [22m[2mshould merge lists by name and deduplicate items by externalId
[22m[39m[2026-02-24T15:48:11.132Z] [INFO] [dbSync] Sync Completed { lists: [33m1[39m, items: [33m0[39m, deletions: [33m0[39m }

[90mstdout[2m | src/test/dbSync.test.ts[2m > [22m[2mmigrateGuestData[2m > [22m[2mshould create new remote list if no match found during merge
[22m[39m[2026-02-24T15:48:11.136Z] [INFO] [dbSync] Fixed 0 items with missing types or dropped status

[90mstdout[2m | src/test/dbSync.test.ts[2m > [22m[2mmigrateGuestData[2m > [22m[2mshould create new remote list if no match found during merge
[22m[39m[2026-02-24T15:48:11.137Z] [INFO] [dbSync] Synced: 0, Skipped: 0

[90mstdout[2m | src/test/dbSync.test.ts[2m > [22m[2mmigrateGuestData[2m > [22m[2mshould create new remote list if no match found during merge
[22m[39m[2026-02-24T15:48:11.137Z] [INFO] [dbSync] Starting Sync...

[90mstdout[2m | src/test/dbSync.test.ts[2m > [22m[2mmigrateGuestData[2m > [22m[2mshould create new remote list if no match found during merge
[22m[39m[2026-02-24T15:48:11.138Z] [INFO] [dbSync] Sync Completed { lists: [33m1[39m, items: [33m0[39m, deletions: [33m0[39m }

[90mstdout[2m | src/test/dbSync.test.ts[2m > [22m[2msyncAll[2m > [22m[2mshould return success and processed counts on successful sync
[22m[39m[2026-02-24T15:48:11.140Z] [INFO] [dbSync] Starting Sync...

[90mstdout[2m | src/test/dbSync.test.ts[2m > [22m[2msyncAll[2m > [22m[2mshould return success and processed counts on successful sync
[22m[39m[2026-02-24T15:48:11.141Z] [INFO] [dbSync] Sync Completed { lists: [33m0[39m, items: [33m0[39m, deletions: [33m1[39m }

[90mstdout[2m | src/test/dbSync.test.ts[2m > [22m[2msyncAll[2m > [22m[2mshould capture errors during different phases
[22m[39m[2026-02-24T15:48:11.142Z] [INFO] [dbSync] Starting Sync...

[90mstdout[2m | src/test/dbSync.test.ts[2m > [22m[2msyncAll[2m > [22m[2mshould capture errors during different phases
[22m[39m[2026-02-24T15:48:11.143Z] [INFO] [dbSync] Sync Completed { lists: [33m0[39m, items: [33m0[39m, deletions: [33m1[39m }

 [32mтЬУ[39m src/test/dbSync.test.ts [2m([22m[2m6 tests[22m[2m)[22m[32m 23[2mms[22m[39m
 [32mтЬУ[39m src/test/apiClient.test.ts [2m([22m[2m2 tests[22m[2m)[22m[32m 8[2mms[22m[39m
 [32mтЬУ[39m src/test/api.test.ts [2m([22m[2m3 tests[22m[2m)[22m[32m 10[2mms[22m[39m
 [32mтЬУ[39m src/test/itemDetailComponents.test.tsx [2m([22m[2m5 tests[22m[2m)[22m[32m 226[2mms[22m[39m
 [32mтЬУ[39m src/components/MigrationDialog.test.tsx [2m([22m[2m3 tests[22m[2m)[22m[33m 516[2mms[22m[39m
     [33m[2mтЬУ[22m[39m should disable buttons when loading [33m 326[2mms[22m[39m

[2m Test Files [22m [1m[31m3 failed[39m[22m[2m | [22m[1m[32m7 passed[39m[22m[90m (10)[39m
[2m      Tests [22m [1m[31m7 failed[39m[22m[2m | [22m[1m[32m26 passed[39m[22m[2m | [22m[33m1 skipped[39m[90m (34)[39m
[2m   Start at [22m 18:48:07
[2m   Duration [22m 4.58s[2m (transform 1.30s, setup 6.03s, import 3.37s, tests 834ms, environment 19.65s)[22m

